Nothing to build in platform 'Pmod_AD2_wrapper'

23:30:26 **** Incremental Build of configuration Debug for project Pmod_AD2 ****
make all 
make --no-print-directory pre-build
a9-linaro-pre-build-step
' '
make --no-print-directory main-build
'Building file: ../src/helloworld.c'
'Invoking: ARM v7 gcc compiler'
arm-none-eabi-gcc -Wall -O0 -g3 -c -fmessage-length=0 -MT"src/helloworld.o" -mcpu=cortex-a9 -mfpu=vfpv3 -mfloat-abi=hard -IC:/Users/luisr/Desktop/FPGA/Software/Pynq_Z1/Pmod_AD2/Pmod_AD2_wrapper/export/Pmod_AD2_wrapper/sw/Pmod_AD2_wrapper/standalone_ps7_cortexa9_0/bspinclude/include -MMD -MP -MF"src/helloworld.d" -MT"src/helloworld.o" -o "src/helloworld.o" "../src/helloworld.c"
'Finished building: ../src/helloworld.c'
' '
'Building target: Pmod_AD2.elf'
'Invoking: ARM v7 gcc linker'
arm-none-eabi-gcc -mcpu=cortex-a9 -mfpu=vfpv3 -mfloat-abi=hard -Wl,-build-id=none -specs=Xilinx.spec -Wl,-T -Wl,../src/lscript.ld -LC:/Users/luisr/Desktop/FPGA/Software/Pynq_Z1/Pmod_AD2/Pmod_AD2_wrapper/export/Pmod_AD2_wrapper/sw/Pmod_AD2_wrapper/standalone_ps7_cortexa9_0/bsplib/lib -o "Pmod_AD2.elf"  ./src/helloworld.o ./src/platform.o   -Wl,--start-group,-lxil,-lgcc,-lc,--end-group
'Finished building target: Pmod_AD2.elf'
' '
'Invoking: ARM v7 Print Size'
arm-none-eabi-size Pmod_AD2.elf  |tee "Pmod_AD2.elf.size"
   text	   data	    bss	    dec	    hex	filename
  54967	   2564	  22768	  80299	  139ab	Pmod_AD2.elf
'Finished building: Pmod_AD2.elf.size'
' '
23:30:27 **** Incremental Build of configuration Debug for project Pmod_AD2_system ****
make all 
Generating bif file for the system project
generate_system_bif.bat 53700 C:/Users/luisr/Desktop/FPGA/Software/Pynq_Z1/Pmod_AD2/Pmod_AD2_wrapper/export/Pmod_AD2_wrapper/Pmod_AD2_wrapper.xpfm standalone_ps7_cortexa9_0 C:/Users/luisr/Desktop/FPGA/Software/Pynq_Z1/Pmod_AD2/Pmod_AD2_system/Debug/system.bif
sdcard_gen --xpfm C:/Users/luisr/Desktop/FPGA/Software/Pynq_Z1/Pmod_AD2/Pmod_AD2_wrapper/export/Pmod_AD2_wrapper/Pmod_AD2_wrapper.xpfm --sys_config Pmod_AD2_wrapper --bif C:/Users/luisr/Desktop/FPGA/Software/Pynq_Z1/Pmod_AD2/Pmod_AD2_system/Debug/system.bif --bitstream C:/Users/luisr/Desktop/FPGA/Software/Pynq_Z1/Pmod_AD2/Pmod_AD2/_ide/bitstream/Pmod_AD2_wrapper.bit --elf C:/Users/luisr/Desktop/FPGA/Software/Pynq_Z1/Pmod_AD2/Pmod_AD2/Debug/Pmod_AD2.elf,ps7_cortexa9_0
creating BOOT.BIN using C:/Users/luisr/Desktop/FPGA/Software/Pynq_Z1/Pmod_AD2/Pmod_AD2/_ide/bitstream/Pmod_AD2_wrapper.bit
Running C:/Xilinx/Vitis/2021.2/bin/bootgen  -image C:/Users/luisr/Desktop/FPGA/Software/Pynq_Z1/Pmod_AD2/Pmod_AD2_system/Debug/sd_card_temp/boot.bif -w -o i BOOT.BIN
