bd_fd68_m00e_0: sc_exit_v1_0_12_top__GC0, sc_util_v1_0_4_axi_reg_stall, 
sc_si_converter_v1_0_10_wrap_narrow__parameterized0: sc_si_converter_v1_0_10_wrap_narrow__parameterized0__GC0, sc_util_v1_0_4_axi_reg_stall, 
sc_transaction_regulator_v1_0_9_top__parameterized1: sc_transaction_regulator_v1_0_9_top__parameterized1__GC0, sc_util_v1_0_4_axi_reg_stall, sc_transaction_regulator_v1_0_9_singleorder__parameterized0__GC0, 
s01_entry_pipeline_imp_GLADA6: sc_transaction_regulator_v1_0_9_top__parameterized0__GC0, sc_transaction_regulator_v1_0_9_singleorder__parameterized0__GC0, sc_si_converter_v1_0_10_top__parameterized0__GC0, sc_si_converter_v1_0_10_wrap_narrow__parameterized0__GC0, sc_mmu_v1_0_10_top__parameterized0__GC0, sc_util_v1_0_4_axi_reg_stall, 
sc_transaction_regulator_v1_0_9_top__parameterized0: sc_transaction_regulator_v1_0_9_top__parameterized0__GC0, sc_util_v1_0_4_axi_reg_stall, sc_transaction_regulator_v1_0_9_singleorder__parameterized0__GC0, 
sc_si_converter_v1_0_10_top__parameterized0: sc_si_converter_v1_0_10_top__parameterized0__GC0, sc_si_converter_v1_0_10_wrap_narrow__parameterized0__GC0, sc_util_v1_0_4_axi_reg_stall, 
bd_fd68_s02mmu_0: sc_mmu_v1_0_10_top__parameterized1__GC0, sc_util_v1_0_4_axi_reg_stall, 
bd_fd68_s02tr_0: sc_transaction_regulator_v1_0_9_top__parameterized1__GC0, sc_util_v1_0_4_axi_reg_stall, sc_transaction_regulator_v1_0_9_singleorder__parameterized0__GC0, 
sc_mmu_v1_0_10_top: sc_mmu_v1_0_10_top__GC0, sc_util_v1_0_4_axi_reg_stall, 
m01_exit_pipeline_imp_EMNRFT: sc_exit_v1_0_12_top__parameterized0__GC0, sc_util_v1_0_4_axi_reg_stall, 
bd_fd68_s00sic_0: sc_si_converter_v1_0_10_top__GC0, sc_si_converter_v1_0_10_wrap_narrow__GC0, sc_util_v1_0_4_axi_reg_stall, 
sc_si_converter_v1_0_10_top: sc_si_converter_v1_0_10_top__GC0, sc_si_converter_v1_0_10_wrap_narrow__GC0, sc_util_v1_0_4_axi_reg_stall, 
sc_mmu_v1_0_10_top__parameterized0: sc_mmu_v1_0_10_top__parameterized0__GC0, sc_util_v1_0_4_axi_reg_stall, 
UART_DDR_axi_smc_0: sc_si_converter_v1_0_10_wrap_narrow__parameterized0__GC0, sc_transaction_regulator_v1_0_9_singleorder__GC0, sc_si_converter_v1_0_10_top__parameterized0__GC0, bd_fd68__GCB1, sc_transaction_regulator_v1_0_9_singleorder__parameterized0__GC0, sc_mmu_v1_0_10_top__GC0, bd_fd68_s02sic_0, sc_si_converter_v1_0_10_top__GC0, sc_si_converter_v1_0_10_wrap_narrow__GC0, sc_transaction_regulator_v1_0_9_top__parameterized1__GC0, sc_exit_v1_0_12_top__parameterized0__GC0, bd_fd68__GCB0, sc_mmu_v1_0_10_top__parameterized1__GC0, sc_exit_v1_0_12_top__GC0, sc_util_v1_0_4_axi_reg_stall, sc_transaction_regulator_v1_0_9_top__parameterized0__GC0, sc_transaction_regulator_v1_0_9_top__GC0, sc_mmu_v1_0_10_top__parameterized0__GC0, 
bd_fd68_s01tr_0: sc_transaction_regulator_v1_0_9_top__parameterized0__GC0, sc_util_v1_0_4_axi_reg_stall, sc_transaction_regulator_v1_0_9_singleorder__parameterized0__GC0, 
sc_transaction_regulator_v1_0_9_top: sc_transaction_regulator_v1_0_9_top__GC0, sc_transaction_regulator_v1_0_9_singleorder__parameterized0__GC0, sc_transaction_regulator_v1_0_9_singleorder__GC0, sc_util_v1_0_4_axi_reg_stall, 
sc_transaction_regulator_v1_0_9_singleorder: sc_transaction_regulator_v1_0_9_singleorder__GC0, sc_util_v1_0_4_axi_reg_stall, 
sc_exit_v1_0_12_top: sc_exit_v1_0_12_top__GC0, sc_util_v1_0_4_axi_reg_stall, 
sc_exit_v1_0_12_top__parameterized0: sc_exit_v1_0_12_top__parameterized0__GC0, sc_util_v1_0_4_axi_reg_stall, 
m00_exit_pipeline_imp_9VAOA1: sc_exit_v1_0_12_top__GC0, sc_util_v1_0_4_axi_reg_stall, 
bd_fd68_s00mmu_0: sc_mmu_v1_0_10_top__GC0, sc_util_v1_0_4_axi_reg_stall, 
bd_fd68_s00tr_0: sc_transaction_regulator_v1_0_9_top__GC0, sc_transaction_regulator_v1_0_9_singleorder__parameterized0__GC0, sc_transaction_regulator_v1_0_9_singleorder__GC0, sc_util_v1_0_4_axi_reg_stall, 
s00_entry_pipeline_imp_18LDTNU: sc_transaction_regulator_v1_0_9_top__GC0, sc_transaction_regulator_v1_0_9_singleorder__parameterized0__GC0, sc_transaction_regulator_v1_0_9_singleorder__GC0, sc_si_converter_v1_0_10_top__GC0, sc_si_converter_v1_0_10_wrap_narrow__GC0, sc_mmu_v1_0_10_top__GC0, sc_util_v1_0_4_axi_reg_stall, 
bd_fd68_s01sic_0: sc_si_converter_v1_0_10_top__parameterized0__GC0, sc_si_converter_v1_0_10_wrap_narrow__parameterized0__GC0, sc_util_v1_0_4_axi_reg_stall, 
sc_transaction_regulator_v1_0_9_singleorder__parameterized0: sc_transaction_regulator_v1_0_9_singleorder__parameterized0__GC0, sc_util_v1_0_4_axi_reg_stall, 
sc_si_converter_v1_0_10_wrap_narrow: sc_si_converter_v1_0_10_wrap_narrow__GC0, sc_util_v1_0_4_axi_reg_stall, 
bd_fd68_m01e_0: sc_exit_v1_0_12_top__parameterized0__GC0, sc_util_v1_0_4_axi_reg_stall, 
bd_fd68: sc_si_converter_v1_0_10_wrap_narrow__parameterized0__GC0, sc_transaction_regulator_v1_0_9_singleorder__GC0, sc_si_converter_v1_0_10_top__parameterized0__GC0, bd_fd68__GCB1, sc_transaction_regulator_v1_0_9_singleorder__parameterized0__GC0, sc_mmu_v1_0_10_top__GC0, bd_fd68_s02sic_0, sc_si_converter_v1_0_10_top__GC0, sc_si_converter_v1_0_10_wrap_narrow__GC0, sc_transaction_regulator_v1_0_9_top__parameterized1__GC0, sc_exit_v1_0_12_top__parameterized0__GC0, bd_fd68__GCB0, sc_mmu_v1_0_10_top__parameterized1__GC0, sc_exit_v1_0_12_top__GC0, sc_util_v1_0_4_axi_reg_stall, sc_transaction_regulator_v1_0_9_top__parameterized0__GC0, sc_transaction_regulator_v1_0_9_top__GC0, sc_mmu_v1_0_10_top__parameterized0__GC0, 
bd_fd68_s01mmu_0: sc_mmu_v1_0_10_top__parameterized0__GC0, sc_util_v1_0_4_axi_reg_stall, 
s02_entry_pipeline_imp_LEYNWJ: sc_transaction_regulator_v1_0_9_top__parameterized1__GC0, sc_transaction_regulator_v1_0_9_singleorder__parameterized0__GC0, bd_fd68_s02sic_0, sc_mmu_v1_0_10_top__parameterized1__GC0, sc_util_v1_0_4_axi_reg_stall, 
sc_mmu_v1_0_10_top__parameterized1: sc_mmu_v1_0_10_top__parameterized1__GC0, sc_util_v1_0_4_axi_reg_stall, 
