#-----------------------------------------------------------
# Vivado v2021.2 (64-bit)
# SW Build 3367213 on Tue Oct 19 02:48:09 MDT 2021
# IP Build 3369179 on Thu Oct 21 08:25:16 MDT 2021
# Start of session at: Fri Mar 17 18:33:41 2023
# Process ID: 2692
# Current directory: C:/Users/luisr/Desktop/FPGA/Hardware/Pynq Z1/Pmod_TC1/Pmod_TC1.runs/Pmod_TC1_rst_ps7_0_100M_1_synth_1
# Command line: vivado.exe -log Pmod_TC1_rst_ps7_0_100M_1.vds -product Vivado -mode batch -messageDb vivado.pb -notrace -source Pmod_TC1_rst_ps7_0_100M_1.tcl
# Log file: C:/Users/luisr/Desktop/FPGA/Hardware/Pynq Z1/Pmod_TC1/Pmod_TC1.runs/Pmod_TC1_rst_ps7_0_100M_1_synth_1/Pmod_TC1_rst_ps7_0_100M_1.vds
# Journal file: C:/Users/luisr/Desktop/FPGA/Hardware/Pynq Z1/Pmod_TC1/Pmod_TC1.runs/Pmod_TC1_rst_ps7_0_100M_1_synth_1\vivado.jou
# Running On: DESKTOP-AJV8A0J, OS: Windows, CPU Frequency: 2803 MHz, CPU Physical cores: 4, Host memory: 16855 MB
#-----------------------------------------------------------
source Pmod_TC1_rst_ps7_0_100M_1.tcl -notrace
