23:16:28 **** Incremental Build of configuration Debug for project GPIO ****
make all 
make --no-print-directory pre-build
a9-linaro-pre-build-step
' '
make --no-print-directory main-build
'Building file: ../src/GPIO.c'
'Invoking: ARM v7 gcc compiler'
arm-none-eabi-gcc -Wall -O0 -g3 -c -fmessage-length=0 -MT"src/GPIO.o" -mcpu=cortex-a9 -mfpu=vfpv3 -mfloat-abi=hard -IC:/Users/luisr/Desktop/FPGA/Software/Pynq_Z1/GPIO/GPIO_wrapper/export/GPIO_wrapper/sw/GPIO_wrapper/standalone_ps7_cortexa9_0/bspinclude/include -MMD -MP -MF"src/GPIO.d" -MT"src/GPIO.o" -o "src/GPIO.o" "../src/GPIO.c"
'Finished building: ../src/GPIO.c'
' '
'Building target: GPIO.elf'
'Invoking: ARM v7 gcc linker'
arm-none-eabi-gcc -mcpu=cortex-a9 -mfpu=vfpv3 -mfloat-abi=hard -Wl,-build-id=none -specs=Xilinx.spec -Wl,-T -Wl,../src/lscript.ld -LC:/Users/luisr/Desktop/FPGA/Software/Pynq_Z1/GPIO/GPIO_wrapper/export/GPIO_wrapper/sw/GPIO_wrapper/standalone_ps7_cortexa9_0/bsplib/lib -o "GPIO.elf"  ./src/GPIO.o ./src/platform.o   -Wl,--start-group,-lxil,-lgcc,-lc,--end-group
'Finished building target: GPIO.elf'
' '
'Invoking: ARM v7 Print Size'
arm-none-eabi-size GPIO.elf  |tee "GPIO.elf.size"
   text	   data	    bss	    dec	    hex	filename
  24506	   1160	  22600	  48266	   bc8a	GPIO.elf
'Finished building: GPIO.elf.size'
' '

23:16:29 Build Finished (took 752ms)

