Nothing to build in platform 'Pmod_TC1_wrapper'

18:56:43 **** Incremental Build of configuration Debug for project Pmod_TC1 ****
make all 
make --no-print-directory pre-build
a9-linaro-pre-build-step
' '
make --no-print-directory main-build
'Building file: ../src/helloworld.c'
'Invoking: ARM v7 gcc compiler'
arm-none-eabi-gcc -Wall -O0 -g3 -c -fmessage-length=0 -MT"src/helloworld.o" -mcpu=cortex-a9 -mfpu=vfpv3 -mfloat-abi=hard -IC:/Users/luisr/Desktop/FPGA/Software/Pynq_Z1/Pmod_TC1/Pmod_TC1_wrapper/export/Pmod_TC1_wrapper/sw/Pmod_TC1_wrapper/standalone_ps7_cortexa9_0/bspinclude/include -MMD -MP -MF"src/helloworld.d" -MT"src/helloworld.o" -o "src/helloworld.o" "../src/helloworld.c"
'Finished building: ../src/helloworld.c'
' '
'Building target: Pmod_TC1.elf'
'Invoking: ARM v7 gcc linker'
arm-none-eabi-gcc -mcpu=cortex-a9 -mfpu=vfpv3 -mfloat-abi=hard -Wl,-build-id=none -specs=Xilinx.spec -Wl,-T -Wl,../src/lscript.ld -LC:/Users/luisr/Desktop/FPGA/Software/Pynq_Z1/Pmod_TC1/Pmod_TC1_wrapper/export/Pmod_TC1_wrapper/sw/Pmod_TC1_wrapper/standalone_ps7_cortexa9_0/bsplib/lib -o "Pmod_TC1.elf"  ./src/helloworld.o ./src/platform.o   -Wl,--start-group,-lxil,-lgcc,-lc,--end-group
'Finished building target: Pmod_TC1.elf'
' '
'Invoking: ARM v7 Print Size'
arm-none-eabi-size Pmod_TC1.elf  |tee "Pmod_TC1.elf.size"
   text	   data	    bss	    dec	    hex	filename
  54975	   2580	  22736	  80291	  139a3	Pmod_TC1.elf
'Finished building: Pmod_TC1.elf.size'
' '
18:56:44 **** Incremental Build of configuration Debug for project Pmod_TC1_system ****
make all 
Generating bif file for the system project
generate_system_bif.bat 55490 C:/Users/luisr/Desktop/FPGA/Software/Pynq_Z1/Pmod_TC1/Pmod_TC1_wrapper/export/Pmod_TC1_wrapper/Pmod_TC1_wrapper.xpfm standalone_ps7_cortexa9_0 C:/Users/luisr/Desktop/FPGA/Software/Pynq_Z1/Pmod_TC1/Pmod_TC1_system/Debug/system.bif
sdcard_gen --xpfm C:/Users/luisr/Desktop/FPGA/Software/Pynq_Z1/Pmod_TC1/Pmod_TC1_wrapper/export/Pmod_TC1_wrapper/Pmod_TC1_wrapper.xpfm --sys_config Pmod_TC1_wrapper --bif C:/Users/luisr/Desktop/FPGA/Software/Pynq_Z1/Pmod_TC1/Pmod_TC1_system/Debug/system.bif --bitstream C:/Users/luisr/Desktop/FPGA/Software/Pynq_Z1/Pmod_TC1/Pmod_TC1/_ide/bitstream/Pmod_TC1_wrapper.bit --elf C:/Users/luisr/Desktop/FPGA/Software/Pynq_Z1/Pmod_TC1/Pmod_TC1/Debug/Pmod_TC1.elf,ps7_cortexa9_0
creating BOOT.BIN using C:/Users/luisr/Desktop/FPGA/Software/Pynq_Z1/Pmod_TC1/Pmod_TC1/_ide/bitstream/Pmod_TC1_wrapper.bit
Running C:/Xilinx/Vitis/2021.2/bin/bootgen  -image C:/Users/luisr/Desktop/FPGA/Software/Pynq_Z1/Pmod_TC1/Pmod_TC1_system/Debug/sd_card_temp/boot.bif -w -o i BOOT.BIN
