Nothing to build in platform 'Pmod_AD2_wrapper'

14:47:22 **** Incremental Build of configuration Debug for project application_project_pmod_ad2 ****
make all 
make --no-print-directory pre-build
a9-linaro-pre-build-step
' '
make --no-print-directory main-build
'Building file: ../src/Pmod_AD2.c'
'Invoking: ARM v7 gcc compiler'
arm-none-eabi-gcc -Wall -O0 -g3 -c -fmessage-length=0 -MT"src/Pmod_AD2.o" -mcpu=cortex-a9 -mfpu=vfpv3 -mfloat-abi=hard -IC:/Users/luisr/Desktop/Vitis/Graduate_Project/FPGA/Pmod_AD2/Pmod_AD2_wrapper/export/Pmod_AD2_wrapper/sw/Pmod_AD2_wrapper/standalone_ps7_cortexa9_0/bspinclude/include -MMD -MP -MF"src/Pmod_AD2.d" -MT"src/Pmod_AD2.o" -o "src/Pmod_AD2.o" "../src/Pmod_AD2.c"
../src/Pmod_AD2.c: In function 'main':
../src/Pmod_AD2.c:28:7: warning: unused variable 'j' [-Wunused-variable]
   28 |   int j = 0;
      |       ^
'Finished building: ../src/Pmod_AD2.c'
' '
'Building target: application_project_pmod_ad2.elf'
'Invoking: ARM v7 gcc linker'
arm-none-eabi-gcc -mcpu=cortex-a9 -mfpu=vfpv3 -mfloat-abi=hard -Wl,-build-id=none -specs=Xilinx.spec -Wl,-T -Wl,../src/lscript.ld -LC:/Users/luisr/Desktop/Vitis/Graduate_Project/FPGA/Pmod_AD2/Pmod_AD2_wrapper/export/Pmod_AD2_wrapper/sw/Pmod_AD2_wrapper/standalone_ps7_cortexa9_0/bsplib/lib -o "application_project_pmod_ad2.elf"  ./src/Pmod_AD2.o ./src/platform.o   -Wl,--start-group,-lxil,-lgcc,-lc,--end-group
'Finished building target: application_project_pmod_ad2.elf'
' '
'Invoking: ARM v7 Print Size'
arm-none-eabi-size application_project_pmod_ad2.elf  |tee "application_project_pmod_ad2.elf.size"
   text	   data	    bss	    dec	    hex	filename
  55103	   2564	  22768	  80435	  13a33	application_project_pmod_ad2.elf
'Finished building: application_project_pmod_ad2.elf.size'
' '
14:47:24 **** Incremental Build of configuration Debug for project application_project_pmod_ad2_system ****
make all 
Generating bif file for the system project
generate_system_bif.bat 64370 C:/Users/luisr/Desktop/Vitis/Graduate_Project/FPGA/Pmod_AD2/Pmod_AD2_wrapper/export/Pmod_AD2_wrapper/Pmod_AD2_wrapper.xpfm standalone_ps7_cortexa9_0 C:/Users/luisr/Desktop/Vitis/Graduate_Project/FPGA/Zybo_Z7-20/Pmod_AD2/application_project_pmod_ad2_system/Debug/system.bif
sdcard_gen --xpfm C:/Users/luisr/Desktop/Vitis/Graduate_Project/FPGA/Pmod_AD2/Pmod_AD2_wrapper/export/Pmod_AD2_wrapper/Pmod_AD2_wrapper.xpfm --sys_config Pmod_AD2_wrapper --bif C:/Users/luisr/Desktop/Vitis/Graduate_Project/FPGA/Zybo_Z7-20/Pmod_AD2/application_project_pmod_ad2_system/Debug/system.bif --bitstream C:/Users/luisr/Desktop/Vitis/Graduate_Project/FPGA/Zybo_Z7-20/Pmod_AD2/application_project_pmod_ad2/_ide/bitstream/Pmod_AD2_wrapper.bit --elf C:/Users/luisr/Desktop/Vitis/Graduate_Project/FPGA/Zybo_Z7-20/Pmod_AD2/application_project_pmod_ad2/Debug/application_project_pmod_ad2.elf,ps7_cortexa9_0
creating BOOT.BIN using C:/Users/luisr/Desktop/Vitis/Graduate_Project/FPGA/Zybo_Z7-20/Pmod_AD2/application_project_pmod_ad2/_ide/bitstream/Pmod_AD2_wrapper.bit
Running C:/Xilinx/Vitis/2021.2/bin/bootgen  -image C:/Users/luisr/Desktop/Vitis/Graduate_Project/FPGA/Zybo_Z7-20/Pmod_AD2/application_project_pmod_ad2_system/Debug/sd_card_temp/boot.bif -w -o i BOOT.BIN
