19:19:57 **** Build of configuration Debug for project Pmod_TC1 ****
make all 
'Building file: ../src/Pmod_TC1.c'
'Invoking: MicroBlaze gcc compiler'
mb-gcc -Wall -O0 -g3 -c -fmessage-length=0 -MT"src/Pmod_TC1.o" -IC:/Users/luisr/Desktop/FPGA/Software/Arty_A7-100T/Pmod_TC1/Pmod_TC1_wrapper/export/Pmod_TC1_wrapper/sw/Pmod_TC1_wrapper/standalone_microblaze_0/bspinclude/include -mlittle-endian -mcpu=v11.0 -mxl-soft-mul -Wl,--no-relax -ffunction-sections -fdata-sections -MMD -MP -MF"src/Pmod_TC1.d" -MT"src/Pmod_TC1.o" -o "src/Pmod_TC1.o" "../src/Pmod_TC1.c"
'Finished building: ../src/Pmod_TC1.c'
' '
'Building file: ../src/platform.c'
'Invoking: MicroBlaze gcc compiler'
mb-gcc -Wall -O0 -g3 -c -fmessage-length=0 -MT"src/platform.o" -IC:/Users/luisr/Desktop/FPGA/Software/Arty_A7-100T/Pmod_TC1/Pmod_TC1_wrapper/export/Pmod_TC1_wrapper/sw/Pmod_TC1_wrapper/standalone_microblaze_0/bspinclude/include -mlittle-endian -mcpu=v11.0 -mxl-soft-mul -Wl,--no-relax -ffunction-sections -fdata-sections -MMD -MP -MF"src/platform.d" -MT"src/platform.o" -o "src/platform.o" "../src/platform.c"
'Finished building: ../src/platform.c'
' '
'Building target: Pmod_TC1.elf'
'Invoking: MicroBlaze gcc linker'
mb-gcc -Wl,-T -Wl,../src/lscript.ld -LC:/Users/luisr/Desktop/FPGA/Software/Arty_A7-100T/Pmod_TC1/Pmod_TC1_wrapper/export/Pmod_TC1_wrapper/sw/Pmod_TC1_wrapper/standalone_microblaze_0/bsplib/lib -mlittle-endian -mcpu=v11.0 -mxl-soft-mul -Wl,--no-relax -Wl,--gc-sections -o "Pmod_TC1.elf"  ./src/Pmod_TC1.o ./src/platform.o   -Wl,--start-group,-lxil,-lgcc,-lc,--end-group
'Finished building target: Pmod_TC1.elf'
' '
'Invoking: MicroBlaze Print Size'
mb-size Pmod_TC1.elf  |tee "Pmod_TC1.elf.size"
   text	   data	    bss	    dec	    hex	filename
  78656	   1708	   3276	  83640	  146b8	Pmod_TC1.elf
'Finished building: Pmod_TC1.elf.size'
' '

19:19:59 Build Finished (took 1s.637ms)

